// Jest Snapshot v1, https://goo.gl/fbAQLP

exports[`Button has a valid snapshot 1`] = `
<button
  className="button"
  onClick={[Function]}
  type="button"
>
  Give me More
</button>
`;

exports[`ButtonWithLoading has a valid button snapshot 1`] = `
<div>
  <button
    className=""
    onClick={[Function]}
    type="button"
  >
    More
  </button>
  <div
    className="interactions"
  />
</div>
`;

exports[`ButtonWithLoading has a valid loading snapshot 1`] = `
<div>
  <button
    className=""
    onClick={[Function]}
    type="button"
  >
    More
  </button>
  <div
    className="interactions"
  >
    <svg
      aria-hidden="true"
      className="svg-inline--fa fa-spinner fa-w-16 fa-spin "
      data-icon="spinner"
      data-prefix="fas"
      role="img"
      style={Object {}}
      viewBox="0 0 512 512"
      xmlns="http://www.w3.org/2000/svg"
    >
      <path
        d="M304 48c0 26.51-21.49 48-48 48s-48-21.49-48-48 21.49-48 48-48 48 21.49 48 48zm-48 368c-26.51 0-48 21.49-48 48s21.49 48 48 48 48-21.49 48-48-21.49-48-48-48zm208-208c-26.51 0-48 21.49-48 48s21.49 48 48 48 48-21.49 48-48-21.49-48-48-48zM96 256c0-26.51-21.49-48-48-48S0 229.49 0 256s21.49 48 48 48 48-21.49 48-48zm12.922 99.078c-26.51 0-48 21.49-48 48s21.49 48 48 48 48-21.49 48-48c0-26.509-21.491-48-48-48zm294.156 0c-26.51 0-48 21.49-48 48s21.49 48 48 48 48-21.49 48-48c0-26.509-21.49-48-48-48zM108.922 60.922c-26.51 0-48 21.49-48 48s21.49 48 48 48 48-21.49 48-48-21.491-48-48-48z"
        fill="currentColor"
        style={Object {}}
      />
    </svg>
  </div>
</div>
`;
