// Jest Snapshot v1, https://goo.gl/fbAQLP

exports[`Sort has a valid Sort snapshot 1`] = `
<button
  className="button-inline"
  onClick={[Function]}
  type="button"
>
  Sort
   
  <svg
    aria-hidden="true"
    className="svg-inline--fa fa-sort fa-w-10 fa-xs "
    data-icon="sort"
    data-prefix="fas"
    role="img"
    style={Object {}}
    viewBox="0 0 320 512"
    xmlns="http://www.w3.org/2000/svg"
  >
    <path
      d="M41 288h238c21.4 0 32.1 25.9 17 41L177 448c-9.4 9.4-24.6 9.4-33.9 0L24 329c-15.1-15.1-4.4-41 17-41zm255-105L177 64c-9.4-9.4-24.6-9.4-33.9 0L24 183c-15.1 15.1-4.4 41 17 41h238c21.4 0 32.1-25.9 17-41z"
      fill="currentColor"
      style={Object {}}
    />
  </svg>
</button>
`;
